sorted

0) ['file': 'lower.h', 'include_files': []]
1) ['file': 'higher.h', 'include_files': ['lower.h']]
