(input1.value1, input2.value1) => placeholder
(input1.value1, input2.value2) => placeholder
(input1.value1, input2.value3) => placeholder
(input1.value2, input2.value1) => placeholder
(input1.value2, input2.value2) => placeholder
(input1.value2, input2.value3) => placeholder

