TITLE


input.value1 => placeholder
input.value2 => placeholder

