Everytime something repeatitive isn't automated, a manager gets hired.
