Approval Tests can verify text via the golden master method
