Approval Tests can verify different text via the golden master method
