(a, 1, 1.1) => 1.1
(a, 1, 2.2) => 2.2
(a, 2, 1.1) => 2.2
(a, 2, 2.2) => 4.4
(a, 3, 1.1) => 3.3
(a, 3, 2.2) => 6.6
(b, 1, 1.1) => 1.1
(b, 1, 2.2) => 2.2
(b, 2, 1.1) => 2.2
(b, 2, 2.2) => 4.4
(b, 3, 1.1) => 3.3
(b, 3, 2.2) => 6.6

