*****************************************************************************
*                                                                           *
* Welcome to Approval Tests.
*
* There seems to be a problem with your build configuration.
* We cannot find the test source file at:
*   ../../../tests/Catch2_Tests/ApprovalsTests.cpp
*
* For details on how to fix this, please visit:
* https://github.com/approvals/ApprovalTests.cpp/blob/master/doc/TroubleshootingMisconfiguredBuild.md
*                                                                           *
*****************************************************************************
