sandwich {
    bread: "Sourdough",
    condiments: ["Mayo", "Pepper", "Olive Oil"],
    fillings: ["Tomato", "Lettuce", "Cheddar"]
}
